warning: The `tool.uv.dev-dependencies` field (used in `packages/openpi-client/pyproject.toml`) is deprecated and will be removed in a future release; use `dependency-groups.dev` instead
╭─ Parsing error ─────────────────────────────────────╮
│ Unrecognized arguments: train_umi_32d_lora_v3_1.log │
│ ─────────────────────────────────────────────────── │
│ For full helptext, run train.py --help              │
╰─────────────────────────────────────────────────────╯
Exception ignored in: <function _xla_gc_callback at 0x7f9cc7060a40>
Traceback (most recent call last):
  File "/root/openpi-umi/.venv/lib/python3.11/site-packages/jax/_src/lib/__init__.py", line 96, in _xla_gc_callback
    def _xla_gc_callback(*args):
    
KeyboardInterrupt: 
Traceback (most recent call last):
  File "/root/openpi-umi/scripts/train.py", line 19, in <module>
    import openpi.models.model as _model
  File "/root/openpi-umi/src/openpi/models/model.py", line 18, in <module>
    import torch
  File "/root/openpi-umi/.venv/lib/python3.11/site-packages/torch/__init__.py", line 2240, in <module>
    from torch import quantization as quantization  # usort: skip
    ^^^^^^^^^^^^^^^^^^^^^^^^^^^^^^^^^^^^^^^^^^^^^^
  File "/root/openpi-umi/.venv/lib/python3.11/site-packages/torch/quantization/__init__.py", line 2, in <module>
    from .fake_quantize import *  # noqa: F403
    ^^^^^^^^^^^^^^^^^^^^^^^^^^^^
  File "/root/openpi-umi/.venv/lib/python3.11/site-packages/torch/quantization/fake_quantize.py", line 10, in <module>
    from torch.ao.quantization.fake_quantize import (
  File "/root/openpi-umi/.venv/lib/python3.11/site-packages/torch/ao/quantization/__init__.py", line 12, in <module>
    from .pt2e._numeric_debugger import (  # noqa: F401
  File "/root/openpi-umi/.venv/lib/python3.11/site-packages/torch/ao/quantization/pt2e/_numeric_debugger.py", line 9, in <module>
    from torch.ao.quantization.pt2e.graph_utils import bfs_trace_with_node_process
  File "/root/openpi-umi/.venv/lib/python3.11/site-packages/torch/ao/quantization/pt2e/graph_utils.py", line 9, in <module>
    from torch.export import ExportedProgram
  File "/root/openpi-umi/.venv/lib/python3.11/site-packages/torch/export/__init__.py", line 17, in <module>
    from torch.fx.passes.infra.pass_base import PassResult
  File "/root/openpi-umi/.venv/lib/python3.11/site-packages/torch/fx/passes/__init__.py", line 1, in <module>
    from . import (
  File "/root/openpi-umi/.venv/lib/python3.11/site-packages/torch/fx/passes/graph_drawer.py", line 13, in <module>
    from torch.fx.passes.shape_prop import TensorMetadata
  File "/root/openpi-umi/.venv/lib/python3.11/site-packages/torch/fx/passes/shape_prop.py", line 10, in <module>
    from torch._subclasses.meta_utils import is_sparse_any
  File "/root/openpi-umi/.venv/lib/python3.11/site-packages/torch/_subclasses/__init__.py", line 2, in <module>
    from torch._subclasses.fake_tensor import (
  File "/root/openpi-umi/.venv/lib/python3.11/site-packages/torch/_subclasses/fake_tensor.py", line 28, in <module>
    from torch._subclasses.meta_utils import (
  File "/root/openpi-umi/.venv/lib/python3.11/site-packages/torch/_subclasses/meta_utils.py", line 486, in <module>
    @dataclass(frozen=True)
     ^^^^^^^^^^^^^^^^^^^^^^
  File "/opt/conda/lib/python3.11/dataclasses.py", line 1222, in wrap
    return _process_class(cls, init, repr, eq, order, unsafe_hash,
           ^^^^^^^^^^^^^^^^^^^^^^^^^^^^^^^^^^^^^^^^^^^^^^^^^^^^^^^
  File "/opt/conda/lib/python3.11/dataclasses.py", line 1078, in _process_class
    for fn in _frozen_get_del_attr(cls, field_list, globals):
              ^^^^^^^^^^^^^^^^^^^^^^^^^^^^^^^^^^^^^^^^^^^^^^
  File "/opt/conda/lib/python3.11/dataclasses.py", line 614, in _frozen_get_del_attr
    _create_fn('__delattr__',
  File "/opt/conda/lib/python3.11/dataclasses.py", line 433, in _create_fn
    exec(txt, globals, ns)
  File "<string>", line 0, in <module>
KeyboardInterrupt
Traceback (most recent call last):
  File "/root/openpi-umi/examples/umi/convert_umi_data_to_lerobot_fast_v2.py", line 71, in <module>
    from lerobot.common.datasets.lerobot_dataset import LeRobotDataset
  File "/root/openpi-umi/.venv/lib/python3.11/site-packages/lerobot/common/datasets/lerobot_dataset.py", line 26, in <module>
    import torch
  File "/root/openpi-umi/.venv/lib/python3.11/site-packages/torch/__init__.py", line 2611, in <module>
    from torch import _meta_registrations
  File "/root/openpi-umi/.venv/lib/python3.11/site-packages/torch/_meta_registrations.py", line 7356, in <module>
    activate_meta()
  File "/root/openpi-umi/.venv/lib/python3.11/site-packages/torch/_meta_registrations.py", line 7308, in activate_meta
    op_overload.py_impl(torch._C.DispatchKey.Meta)(fn)
  File "/root/openpi-umi/.venv/lib/python3.11/site-packages/torch/_ops.py", line 145, in inner
    self._dispatch_cache.clear()
KeyboardInterrupt
Dataset: /root/openpi-umi/data/umi_lerobot_dataset_fold_clothes_merge_mason_ray_cyrus_24_07_exclude_25_all_1
Total episodes: 481
FPS: 20
Remove mode: frame (remove only abnormal frames)
Threshold multiplier: 1.5
Remove empty images: True

📋 Features to check (2):
  • robot0_eef_pos: shape=[2, 3], q01=-0.0552, q99=0.0625
  • robot1_eef_pos: shape=[2, 3], q01=-0.0562, q99=0.0647

🔄 Processing episodes and removing abnormal frames...
Processing episodes:   0%|          | 0/481 [00:00<?, ?it/s]Processing episodes:   0%|          | 1/481 [00:01<12:11,  1.52s/it]Processing episodes:   0%|          | 2/481 [00:02<10:00,  1.25s/it]Processing episodes:   0%|          | 2/481 [00:03<14:47,  1.85s/it]
Traceback (most recent call last):
  File "/root/openpi-umi/examples/umi/remove_abnormal_data.py", line 742, in <module>
    main()
  File "/root/openpi-umi/examples/umi/remove_abnormal_data.py", line 728, in main
    remove_abnormal_frames(
  File "/root/openpi-umi/examples/umi/remove_abnormal_data.py", line 555, in remove_abnormal_frames
    pq.write_table(new_table, new_parquet_path)
  File "/root/openpi-umi/.venv/lib/python3.11/site-packages/pyarrow/parquet/core.py", line 1909, in write_table
    writer.write_table(table, row_group_size=row_group_size)
  File "/root/openpi-umi/.venv/lib/python3.11/site-packages/pyarrow/parquet/core.py", line 1115, in write_table
    self.writer.write_table(table, row_group_size=row_group_size)
KeyboardInterrupt
<<<<<<< HEAD
Traceback (most recent call last):
  File "/root/openpi-umi/scripts/compute_norm_stats.py", line 12, in <module>
    import openpi.models.model as _model
  File "/root/openpi-umi/src/openpi/models/model.py", line 20, in <module>
    from openpi.models_pytorch import pi0_pytorch
  File "/root/openpi-umi/src/openpi/models_pytorch/pi0_pytorch.py", line 10, in <module>
    from openpi.models_pytorch.gemma_pytorch import PaliGemmaWithExpertModel
  File "/root/openpi-umi/src/openpi/models_pytorch/gemma_pytorch.py", line 6, in <module>
    from transformers import GemmaForCausalLM
  File "/root/openpi-umi/.venv/lib/python3.11/site-packages/transformers/__init__.py", line 27, in <module>
    from . import dependency_versions_check
  File "/root/openpi-umi/.venv/lib/python3.11/site-packages/transformers/dependency_versions_check.py", line 16, in <module>
    from .utils.versions import require_version, require_version_core
  File "/root/openpi-umi/.venv/lib/python3.11/site-packages/transformers/utils/__init__.py", line 19, in <module>
    from huggingface_hub import get_full_repo_name  # for backward compatibility
    ^^^^^^^^^^^^^^^^^^^^^^^^^^^^^^^^^^^^^^^^^^^^^^
  File "<frozen importlib._bootstrap>", line 1229, in _handle_fromlist
  File "/root/openpi-umi/.venv/lib/python3.11/site-packages/huggingface_hub/__init__.py", line 998, in __getattr__
    submod = importlib.import_module(submod_path)
             ^^^^^^^^^^^^^^^^^^^^^^^^^^^^^^^^^^^^
  File "/opt/conda/lib/python3.11/importlib/__init__.py", line 126, in import_module
    return _bootstrap._gcd_import(name[level:], package, level)
           ^^^^^^^^^^^^^^^^^^^^^^^^^^^^^^^^^^^^^^^^^^^^^^^^^^^^
  File "/root/openpi-umi/.venv/lib/python3.11/site-packages/huggingface_hub/hf_api.py", line 106, in <module>
    from .repocard_data import DatasetCardData, ModelCardData, SpaceCardData
  File "/root/openpi-umi/.venv/lib/python3.11/site-packages/huggingface_hub/repocard_data.py", line 165, in <module>
    class CardData:
  File "/root/openpi-umi/.venv/lib/python3.11/site-packages/huggingface_hub/repocard_data.py", line 198, in CardData
    def to_yaml(self, line_break=None, original_order: Optional[List[str]] = None) -> str:
                                                       ~~~~~~~~^^^^^^^^^^^
  File "/opt/conda/lib/python3.11/typing.py", line 376, in inner
    return cached(*args, **kwds)
           ^^^^^^^^^^^^^^^^^^^^^
  File "/opt/conda/lib/python3.11/typing.py", line 500, in __getitem__
    @_tp_cache

KeyboardInterrupt
=======
>>>>>>> b467a42 (update code)
